error: empty drop implementation
  --> $DIR/empty_drop.rs:5:1
   |
LL | / impl Drop for Foo {
LL | |     fn drop(&mut self) {}
LL | | }
   | |_^
   |
   = note: `-D clippy::empty-drop` implied by `-D warnings`
   = help: try removing this impl

error: aborting due to previous error

