error: call to `std::mem::forget` with a value that does not implement `Drop`. Forgetting such a type is the same as dropping it
  --> $DIR/forget_non_drop.rs:13:5
   |
LL |     forget(Foo);
   |     ^^^^^^^^^^^
   |
   = note: `-D clippy::forget-non-drop` implied by `-D warnings`
note: argument has type `main::Foo`
  --> $DIR/forget_non_drop.rs:13:12
   |
LL |     forget(Foo);
   |            ^^^

error: empty drop implementation
  --> $DIR/forget_non_drop.rs:16:5
   |
LL | /     impl Drop for Bar {
LL | |         fn drop(&mut self) {}
LL | |     }
   | |_____^
   |
   = note: `#[deny(clippy::empty_drop)]` on by default
   = help: try removing this impl

error: call to `std::mem::forget` with a value that does not implement `Drop`. Forgetting such a type is the same as dropping it
  --> $DIR/forget_non_drop.rs:24:5
   |
LL |     forget(Baz(Foo));
   |     ^^^^^^^^^^^^^^^^
   |
note: argument has type `main::Baz<main::Foo>`
  --> $DIR/forget_non_drop.rs:24:12
   |
LL |     forget(Baz(Foo));
   |            ^^^^^^^^

error: aborting due to 3 previous errors

