error: expected identifier, found `<<`
  --> $DIR/let_underscore_drop.rs:2:1
   |
LL | <<<<<<< HEAD
   | ^^ expected identifier

error: aborting due to previous error

