error: expected identifier, found `<<`
  --> $DIR/redundant_clone.rs:4:1
   |
LL | <<<<<<< HEAD
   | ^^ expected identifier

error: aborting due to previous error

