error: empty drop implementation
  --> $DIR/cant_be_const.rs:80:5
   |
LL | /     impl Drop for A {
LL | |         fn drop(&mut self) {}
LL | |     }
   | |_____^
   |
   = note: `#[deny(clippy::empty_drop)]` on by default
   = help: try removing this impl

error: aborting due to previous error

